../Core/Third_Party/nicokorn/FreeRTOS-Plus-TCP/include/FreeRTOS_IP_Private.h:91:23:vCastPointerTo_EthernetHeader_t	16	static
../Core/Third_Party/nicokorn/FreeRTOS-Plus-TCP/include/FreeRTOS_IP_Private.h:96:23:vCastConstPointerTo_EthernetHeader_t	16	static
../Core/Third_Party/nicokorn/FreeRTOS-Plus-TCP/include/FreeRTOS_IP_Private.h:157:23:vCastPointerTo_ICMPHeader_t	16	static
../Core/Third_Party/nicokorn/FreeRTOS-Plus-TCP/include/FreeRTOS_IP_Private.h:211:23:vCastPointerTo_ARPPacket_t	16	static
../Core/Third_Party/nicokorn/FreeRTOS-Plus-TCP/include/FreeRTOS_IP_Private.h:230:23:vCastPointerTo_IPPacket_t	16	static
../Core/Third_Party/nicokorn/FreeRTOS-Plus-TCP/include/FreeRTOS_IP_Private.h:234:23:vCastConstPointerTo_IPPacket_t	16	static
../Core/Third_Party/nicokorn/FreeRTOS-Plus-TCP/include/FreeRTOS_IP_Private.h:250:23:vCastPointerTo_ICMPPacket_t	16	static
../Core/Third_Party/nicokorn/FreeRTOS-Plus-TCP/include/FreeRTOS_IP_Private.h:270:23:vCastConstPointerTo_UDPPacket_t	16	static
../Core/Third_Party/nicokorn/FreeRTOS-Plus-TCP/include/FreeRTOS_IP_Private.h:312:23:vCastConstPointerTo_ProtocolPacket_t	16	static
../Core/Third_Party/nicokorn/FreeRTOS-Plus-TCP/include/FreeRTOS_IP_Private.h:800:23:vCastPointerTo_FreeRTOS_Socket_t	16	static
../Core/Third_Party/nicokorn/FreeRTOS-Plus-TCP/include/FreeRTOS_IP_Private.h:965:27:vCastPointerTo_SocketSelect_t	16	static
../Core/Third_Party/nicokorn/FreeRTOS-Plus-TCP/FreeRTOS_IP.c:185:19:vCastPointerTo_NetworkBufferDescriptor_t	16	static
../Core/Third_Party/nicokorn/FreeRTOS-Plus-TCP/FreeRTOS_IP.c:368:13:prvIPTask	48	static
../Core/Third_Party/nicokorn/FreeRTOS-Plus-TCP/FreeRTOS_IP.c:619:12:xIsCallingFromIPTask	16	static
../Core/Third_Party/nicokorn/FreeRTOS-Plus-TCP/FreeRTOS_IP.c:642:13:prvHandleEthernetPacket	24	static
../Core/Third_Party/nicokorn/FreeRTOS-Plus-TCP/FreeRTOS_IP.c:687:19:prvCalculateSleepTime	16	static
../Core/Third_Party/nicokorn/FreeRTOS-Plus-TCP/FreeRTOS_IP.c:744:13:prvCheckNetworkTimers	24	static
../Core/Third_Party/nicokorn/FreeRTOS-Plus-TCP/FreeRTOS_IP.c:820:13:prvIPTimerStart	16	static
../Core/Third_Party/nicokorn/FreeRTOS-Plus-TCP/FreeRTOS_IP.c:845:13:prvIPTimerReload	16	static
../Core/Third_Party/nicokorn/FreeRTOS-Plus-TCP/FreeRTOS_IP.c:860:19:prvIPTimerCheck	24	static
../Core/Third_Party/nicokorn/FreeRTOS-Plus-TCP/FreeRTOS_IP.c:901:6:FreeRTOS_NetworkDown	16	static
../Core/Third_Party/nicokorn/FreeRTOS-Plus-TCP/FreeRTOS_IP.c:930:12:FreeRTOS_NetworkDownFromISR	16	static
../Core/Third_Party/nicokorn/FreeRTOS-Plus-TCP/FreeRTOS_IP.c:961:8:FreeRTOS_GetUDPPayloadBuffer	32	static
../Core/Third_Party/nicokorn/FreeRTOS-Plus-TCP/FreeRTOS_IP.c:1003:29:pxDuplicateNetworkBufferWithDescriptor	24	static
../Core/Third_Party/nicokorn/FreeRTOS-Plus-TCP/FreeRTOS_IP.c:1038:36:prvPacketBuffer_to_NetworkBuffer	24	static
../Core/Third_Party/nicokorn/FreeRTOS-Plus-TCP/FreeRTOS_IP.c:1101:29:pxUDPPayloadBuffer_to_NetworkBuffer	16	static
../Core/Third_Party/nicokorn/FreeRTOS-Plus-TCP/FreeRTOS_IP.c:1112:6:FreeRTOS_ReleaseUDPPayloadBuffer	16	static
../Core/Third_Party/nicokorn/FreeRTOS-Plus-TCP/FreeRTOS_IP.c:1136:12:FreeRTOS_IPInit	64	static,ignoring_inline_asm
../Core/Third_Party/nicokorn/FreeRTOS-Plus-TCP/FreeRTOS_IP.c:1255:6:FreeRTOS_GetAddressConfiguration	24	static
../Core/Third_Party/nicokorn/FreeRTOS-Plus-TCP/FreeRTOS_IP.c:1293:6:FreeRTOS_SetAddressConfiguration	24	static
../Core/Third_Party/nicokorn/FreeRTOS-Plus-TCP/FreeRTOS_IP.c:1335:16:FreeRTOS_SendPingRequest	64	static
../Core/Third_Party/nicokorn/FreeRTOS-Plus-TCP/FreeRTOS_IP.c:1426:12:xSendEventToIPTask	32	static
../Core/Third_Party/nicokorn/FreeRTOS-Plus-TCP/FreeRTOS_IP.c:1446:12:xSendEventStructToIPTask	32	static
../Core/Third_Party/nicokorn/FreeRTOS-Plus-TCP/FreeRTOS_IP.c:1540:26:eConsiderFrameForProcessing	32	static
../Core/Third_Party/nicokorn/FreeRTOS-Plus-TCP/FreeRTOS_IP.c:1598:13:prvProcessNetworkDownEvent	8	static
../Core/Third_Party/nicokorn/FreeRTOS-Plus-TCP/FreeRTOS_IP.c:1656:6:vIPNetworkUpCalls	8	static
../Core/Third_Party/nicokorn/FreeRTOS-Plus-TCP/FreeRTOS_IP.c:1686:13:prvProcessEthernetPacket	32	static,ignoring_inline_asm
../Core/Third_Party/nicokorn/FreeRTOS-Plus-TCP/FreeRTOS_IP.c:1787:12:xIsIPv4Multicast	24	static
../Core/Third_Party/nicokorn/FreeRTOS-Plus-TCP/FreeRTOS_IP.c:1811:6:vSetMultiCastIPv4MacAddress	24	static
../Core/Third_Party/nicokorn/FreeRTOS-Plus-TCP/FreeRTOS_IP.c:1834:33:prvAllowIPPacket	40	static
../Core/Third_Party/nicokorn/FreeRTOS-Plus-TCP/FreeRTOS_IP.c:1991:33:prvProcessIPPacket	72	static
../Core/Third_Party/nicokorn/FreeRTOS-Plus-TCP/FreeRTOS_IP.c:2182:17:prvProcessICMPEchoReply	32	static
../Core/Third_Party/nicokorn/FreeRTOS-Plus-TCP/FreeRTOS_IP.c:2232:37:prvProcessICMPEchoRequest	32	static
../Core/Third_Party/nicokorn/FreeRTOS-Plus-TCP/FreeRTOS_IP.c:2285:37:prvProcessICMPPacket	24	static
../Core/Third_Party/nicokorn/FreeRTOS-Plus-TCP/FreeRTOS_IP.c:2470:10:usGenerateProtocolChecksum	56	static
../Core/Third_Party/nicokorn/FreeRTOS-Plus-TCP/FreeRTOS_IP.c:2794:10:usGenerateChecksum	64	static
../Core/Third_Party/nicokorn/FreeRTOS-Plus-TCP/FreeRTOS_IP.c:2948:6:vReturnEthernetFrame	32	static
../Core/Third_Party/nicokorn/FreeRTOS-Plus-TCP/FreeRTOS_IP.c:3112:10:FreeRTOS_GetIPAddress	4	static
../Core/Third_Party/nicokorn/FreeRTOS-Plus-TCP/FreeRTOS_IP.c:3123:6:FreeRTOS_SetIPAddress	16	static
../Core/Third_Party/nicokorn/FreeRTOS-Plus-TCP/FreeRTOS_IP.c:3135:10:FreeRTOS_GetGatewayAddress	4	static
../Core/Third_Party/nicokorn/FreeRTOS-Plus-TCP/FreeRTOS_IP.c:3146:10:FreeRTOS_GetDNSServerAddress	4	static
../Core/Third_Party/nicokorn/FreeRTOS-Plus-TCP/FreeRTOS_IP.c:3157:10:FreeRTOS_GetNetmask	4	static
../Core/Third_Party/nicokorn/FreeRTOS-Plus-TCP/FreeRTOS_IP.c:3168:6:FreeRTOS_UpdateMACAddress	16	static
../Core/Third_Party/nicokorn/FreeRTOS-Plus-TCP/FreeRTOS_IP.c:3180:17:FreeRTOS_GetMACAddress	4	static
../Core/Third_Party/nicokorn/FreeRTOS-Plus-TCP/FreeRTOS_IP.c:3191:6:FreeRTOS_SetNetmask	16	static
../Core/Third_Party/nicokorn/FreeRTOS-Plus-TCP/FreeRTOS_IP.c:3202:6:FreeRTOS_SetGatewayAddress	16	static
../Core/Third_Party/nicokorn/FreeRTOS-Plus-TCP/FreeRTOS_IP.c:3284:12:xIPIsNetworkTaskReady	4	static
../Core/Third_Party/nicokorn/FreeRTOS-Plus-TCP/FreeRTOS_IP.c:3295:12:FreeRTOS_IsNetworkUp	4	static
../Core/Third_Party/nicokorn/FreeRTOS-Plus-TCP/FreeRTOS_IP.c:3325:14:FreeRTOS_strerror_r	32	static
