../Core/Third_Party/nicokorn/FreeRTOS-Plus-TCP/include/FreeRTOS_IP.h:228:35:FreeRTOS_min_int32	16	static
../Core/Third_Party/nicokorn/FreeRTOS-Plus-TCP/include/FreeRTOS_IP.h:233:36:FreeRTOS_min_uint32	16	static
../Core/Third_Party/nicokorn/FreeRTOS-Plus-TCP/FreeRTOS_TCP_WIN.c:69:23:vCastPointerTo_TCPSegment_t	16	static
../Core/Third_Party/nicokorn/FreeRTOS-Plus-TCP/FreeRTOS_TCP_WIN.c:249:38:xSequenceLessThanOrEqual	24	static
../Core/Third_Party/nicokorn/FreeRTOS-Plus-TCP/FreeRTOS_TCP_WIN.c:284:38:xSequenceLessThan	24	static
../Core/Third_Party/nicokorn/FreeRTOS-Plus-TCP/FreeRTOS_TCP_WIN.c:317:38:xSequenceGreaterThan	24	static
../Core/Third_Party/nicokorn/FreeRTOS-Plus-TCP/FreeRTOS_TCP_WIN.c:350:34:xSequenceGreaterThanOrEqual	24	static
../Core/Third_Party/nicokorn/FreeRTOS-Plus-TCP/FreeRTOS_TCP_WIN.c:379:32:vListInsertFifo	16	static
../Core/Third_Party/nicokorn/FreeRTOS-Plus-TCP/FreeRTOS_TCP_WIN.c:394:28:vTCPTimerSet	16	static
../Core/Third_Party/nicokorn/FreeRTOS-Plus-TCP/FreeRTOS_TCP_WIN.c:409:32:ulTimerGetAge	16	static
../Core/Third_Party/nicokorn/FreeRTOS-Plus-TCP/FreeRTOS_TCP_WIN.c:422:17:vListInsertGeneric	24	static
../Core/Third_Party/nicokorn/FreeRTOS-Plus-TCP/FreeRTOS_TCP_WIN.c:448:27:prvCreateSectors	16	static
../Core/Third_Party/nicokorn/FreeRTOS-Plus-TCP/FreeRTOS_TCP_WIN.c:499:31:xTCPWindowRxFind	32	static
../Core/Third_Party/nicokorn/FreeRTOS-Plus-TCP/FreeRTOS_TCP_WIN.c:541:31:xTCPWindowNew	40	static,ignoring_inline_asm
../Core/Third_Party/nicokorn/FreeRTOS-Plus-TCP/FreeRTOS_TCP_WIN.c:618:20:xTCPWindowRxEmpty	24	static
../Core/Third_Party/nicokorn/FreeRTOS-Plus-TCP/FreeRTOS_TCP_WIN.c:662:31:xTCPWindowGetHead	24	static
../Core/Third_Party/nicokorn/FreeRTOS-Plus-TCP/FreeRTOS_TCP_WIN.c:695:31:xTCPWindowPeekHead	24	static
../Core/Third_Party/nicokorn/FreeRTOS-Plus-TCP/FreeRTOS_TCP_WIN.c:724:21:vTCPWindowFree	16	static
../Core/Third_Party/nicokorn/FreeRTOS-Plus-TCP/FreeRTOS_TCP_WIN.c:760:14:vTCPWindowDestroy	32	static
../Core/Third_Party/nicokorn/FreeRTOS-Plus-TCP/FreeRTOS_TCP_WIN.c:806:10:vTCPWindowCreate	24	static
../Core/Third_Party/nicokorn/FreeRTOS-Plus-TCP/FreeRTOS_TCP_WIN.c:852:10:vTCPWindowInit	32	static
../Core/Third_Party/nicokorn/FreeRTOS-Plus-TCP/FreeRTOS_TCP_WIN.c:914:14:vTCPSegmentCleanup	8	static
../Core/Third_Party/nicokorn/FreeRTOS-Plus-TCP/FreeRTOS_TCP_WIN.c:956:31:xTCPWindowRxConfirm	48	static
../Core/Third_Party/nicokorn/FreeRTOS-Plus-TCP/FreeRTOS_TCP_WIN.c:1026:17:lTCPWindowRxCheck	56	static
../Core/Third_Party/nicokorn/FreeRTOS-Plus-TCP/FreeRTOS_TCP_WIN.c:1281:24:lTCPIncrementTxPosition	32	static
../Core/Third_Party/nicokorn/FreeRTOS-Plus-TCP/FreeRTOS_TCP_WIN.c:1316:17:lTCPWindowTxAdd	48	static
../Core/Third_Party/nicokorn/FreeRTOS-Plus-TCP/FreeRTOS_TCP_WIN.c:1451:20:xTCPWindowTxDone	16	static
../Core/Third_Party/nicokorn/FreeRTOS-Plus-TCP/FreeRTOS_TCP_WIN.c:1469:27:prvTCPWindowTxHasSpace	32	static
../Core/Third_Party/nicokorn/FreeRTOS-Plus-TCP/FreeRTOS_TCP_WIN.c:1540:20:xTCPWindowTxHasData	40	static
../Core/Third_Party/nicokorn/FreeRTOS-Plus-TCP/FreeRTOS_TCP_WIN.c:1628:18:ulTCPWindowTxGet	48	static,ignoring_inline_asm
../Core/Third_Party/nicokorn/FreeRTOS-Plus-TCP/FreeRTOS_TCP_WIN.c:1815:25:prvTCPWindowTxCheckAck	56	static
../Core/Third_Party/nicokorn/FreeRTOS-Plus-TCP/FreeRTOS_TCP_WIN.c:1978:25:prvTCPWindowFastRetransmit	32	static
../Core/Third_Party/nicokorn/FreeRTOS-Plus-TCP/FreeRTOS_TCP_WIN.c:2053:18:ulTCPWindowTxAck	24	static
../Core/Third_Party/nicokorn/FreeRTOS-Plus-TCP/FreeRTOS_TCP_WIN.c:2089:18:ulTCPWindowTxSack	32	static
