../Core/Third_Party/nicokorn/USB_DEVICE/App/usb_device.c:77:6:usb_init	8	static
../Core/Third_Party/nicokorn/USB_DEVICE/App/usb_device.c:102:6:usb_deinit	8	static
../Core/Third_Party/nicokorn/USB_DEVICE/App/usb_device.c:115:13:on_usbOutRxPacket	16	static
../Core/Third_Party/nicokorn/USB_DEVICE/App/usb_device.c:129:13:on_usbInTxCplt	8	static
../Core/Third_Party/nicokorn/USB_DEVICE/App/usb_device.c:141:9:usb_output	16	static
../Core/Third_Party/nicokorn/USB_DEVICE/App/usb_device.c:160:10:usb_getTxFrames	4	static
../Core/Third_Party/nicokorn/USB_DEVICE/App/usb_device.c:171:10:usb_getTxData	4	static
../Core/Third_Party/nicokorn/USB_DEVICE/App/usb_device.c:182:10:usb_getRxFrames	4	static
../Core/Third_Party/nicokorn/USB_DEVICE/App/usb_device.c:193:10:usb_getRxData	4	static
