../Core/Third_Party/TM/app_func.c:53:6:mySerialPrint	8	static
../Core/Third_Party/TM/app_func.c:57:6:addToTrace	24	static
../Core/Third_Party/TM/app_func.c:62:6:showAsHex	40	static
../Core/Third_Party/TM/app_func.c:82:10:rom_read	24	static
../Core/Third_Party/TM/app_func.c:90:6:rom_write	832	static
../Core/Third_Party/TM/app_func.c:105:6:ROM_TEST	32	static,ignoring_inline_asm
../Core/Third_Party/TM/app_func.c:121:6:Process	16	static
../Core/Third_Party/TM/app_func.c:138:5:isNumber	24	static
../Core/Third_Party/TM/app_func.c:147:5:isAllNum	24	static
