../Core/Third_Party/TM/serial.c:48:6:uart_init_1	8	static
../Core/Third_Party/TM/serial.c:62:6:uart_rx_check_reset_1	4	static
../Core/Third_Party/TM/serial.c:66:6:uart_rx_check_1	16	static
../Core/Third_Party/TM/serial.c:95:6:uart_process_data_1	16	static
../Core/Third_Party/TM/serial.c:100:6:uart_write_1	16	static
../Core/Third_Party/TM/serial.c:105:6:uart_send_string_1	16	static
../Core/Third_Party/TM/serial.c:110:9:uart_start_tx_dma_transfer_1	24	static,ignoring_inline_asm
../Core/Third_Party/TM/serial.c:139:6:HAL_UART_TxCpltCallback	16	static
../Core/Third_Party/TM/serial.c:155:6:HAL_UART_RxHalfCpltCallback	16	static
../Core/Third_Party/TM/serial.c:165:6:HAL_UART_RxCpltCallback	16	static
../Core/Third_Party/TM/serial.c:175:6:USER_UART_IRQHandler	16	static
../Core/Third_Party/TM/serial.c:193:6:HAL_UART_ErrorCallback	16	static
../Core/Third_Party/TM/serial.c:218:6:HAL_UART_AbortCpltCallback	16	static
../Core/Third_Party/TM/serial.c:223:6:HAL_UART_AbortReceiveCpltCallback	16	static
../Core/Third_Party/TM/serial.c:228:6:HAL_UART_AbortTransmitCpltCallback	16	static
