../Core/Src/main.c:87:6:User_vApplicationIdleHook	8	static
../Core/Src/main.c:98:5:main	8	static
../Core/Src/main.c:206:6:SystemClock_Config	88	static
../Core/Src/main.c:254:13:MX_ADC1_Init	56	static
../Core/Src/main.c:322:13:MX_LPUART1_UART_Init	8	static
../Core/Src/main.c:369:13:MX_USB_PCD_Init	8	static
../Core/Src/main.c:400:13:MX_DMA_Init	16	static
../Core/Src/main.c:422:13:MX_GPIO_Init	48	static
../Core/Src/main.c:469:6:StartDefaultTask	16	static
../Core/Src/main.c:490:6:HAL_TIM_PeriodElapsedCallback	16	static
../Core/Src/main.c:507:6:Error_Handler	4	static,ignoring_inline_asm
