../Core/Third_Party/nicokorn/App/Src/httpserver.c:166:6:httpserver_init	8	static
../Core/Third_Party/nicokorn/App/Src/httpserver.c:178:6:httpserver_deinit	8	static
../Core/Third_Party/nicokorn/App/Src/httpserver.c:189:13:httpserver_listen	72	static,ignoring_inline_asm
../Core/Third_Party/nicokorn/App/Src/httpserver.c:237:13:httpserver_handle	560	static
../Core/Third_Party/nicokorn/App/Src/httpserver.c:529:13:httpserver_homepage	392	static
../Core/Third_Party/nicokorn/App/Src/httpserver.c:718:13:httpserver_homepageFetch	136	static
../Core/Third_Party/nicokorn/App/Src/httpserver.c:1118:13:httpserver_fetchTime	64	static
../Core/Third_Party/nicokorn/App/Src/httpserver.c:1161:13:httpserver_fetchTimeJSON	64	static
../Core/Third_Party/nicokorn/App/Src/httpserver.c:1204:13:httpserver_fetchRtosJSON	176	static
../Core/Third_Party/nicokorn/App/Src/httpserver.c:1296:13:httpserver_fetchSensorJSON	80	static
../Core/Third_Party/nicokorn/App/Src/httpserver.c:1347:13:httpserver_fetchTcpIpJSON	64	static
../Core/Third_Party/nicokorn/App/Src/httpserver.c:1394:17:httpserver_favicon	32	static
../Core/Third_Party/nicokorn/App/Src/httpserver.c:1429:13:httpserver_200	32	static
../Core/Third_Party/nicokorn/App/Src/httpserver.c:1458:13:httpserver_204	32	static
../Core/Third_Party/nicokorn/App/Src/httpserver.c:1487:13:httpserver_205	32	static
../Core/Third_Party/nicokorn/App/Src/httpserver.c:1516:13:httpserver_201	32	static
../Core/Third_Party/nicokorn/App/Src/httpserver.c:1547:13:httpserver_400	32	static
../Core/Third_Party/nicokorn/App/Src/httpserver.c:1576:13:httpserver_301	32	static
../Core/Third_Party/nicokorn/App/Src/httpserver.c:1604:13:httpserver_lastPacket	24	static
