../Core/Third_Party/nicokorn/App/Src/led.c:81:6:led_init	32	static
../Core/Third_Party/nicokorn/App/Src/led.c:107:13:pwm_init	16	static
../Core/Third_Party/nicokorn/App/Src/led.c:147:6:HAL_TIM_OC_DelayElapsedCallback	16	static
../Core/Third_Party/nicokorn/App/Src/led.c:161:6:led_deinit	8	static
../Core/Third_Party/nicokorn/App/Src/led.c:173:6:led_toggle	8	static
../Core/Third_Party/nicokorn/App/Src/led.c:184:6:led_set	8	static
../Core/Third_Party/nicokorn/App/Src/led.c:195:6:led_setDuty	16	static
../Core/Third_Party/nicokorn/App/Src/led.c:208:9:led_getDuty	4	static
../Core/Third_Party/nicokorn/App/Src/led.c:224:6:led_reset	8	static
../Core/Third_Party/nicokorn/App/Src/led.c:235:6:led_test	8	static
../Core/Third_Party/nicokorn/App/Src/led.c:249:13:ledTask	24	static
../Core/Third_Party/nicokorn/App/Src/led.c:290:6:led_setPulse	4	static
../Core/Third_Party/nicokorn/App/Src/led.c:301:6:led_setDim	4	static
