../Core/Third_Party/nicokorn/App/Src/tcpip.c:140:6:tcpip_init	16	static
../Core/Third_Party/nicokorn/App/Src/tcpip.c:158:6:tcpip_deinit	8	static
../Core/Third_Party/nicokorn/App/Src/tcpip.c:175:6:vApplicationIPNetworkEventHook	16	static
../Core/Third_Party/nicokorn/App/Src/tcpip.c:207:13:uxRand	8	static
../Core/Third_Party/nicokorn/App/Src/tcpip.c:218:19:xApplicationGetRandomNumber	16	static
../Core/Third_Party/nicokorn/App/Src/tcpip.c:235:17:ulApplicationGetNextSequenceNumber	24	static
../Core/Third_Party/nicokorn/App/Src/tcpip.c:364:9:tcpip_output	16	static
../Core/Third_Party/nicokorn/App/Src/tcpip.c:392:13:tcpip_macTask	40	static
../Core/Third_Party/nicokorn/App/Src/tcpip.c:479:13:tcpip_invokeMacTask	8	static
../Core/Third_Party/nicokorn/App/Src/tcpip.c:499:6:vApplicationMallocFailedHook	4	static
../Core/Third_Party/nicokorn/App/Src/tcpip.c:515:6:vApplicationPingReplyHook	16	static
../Core/Third_Party/nicokorn/App/Src/tcpip.c:542:13:tcpip_rngInit	8	static
../Core/Third_Party/nicokorn/App/Src/tcpip.c:553:13:tcpip_rngDeInit	4	static
../Core/Third_Party/nicokorn/App/Src/tcpip.c:564:17:tcpip_getRandomNumber	8	static
../Core/Third_Party/nicokorn/App/Src/tcpip.c:576:9:tcpip_enqueue	24	static
